G:\lessons\second term\programming\project4\project4\src\main\java\ir\ac\kntu\Main.java
G:\lessons\second term\programming\project4\project4\src\main\java\ir\ac\kntu\gameObjects\Direction.java
G:\lessons\second term\programming\project4\project4\src\main\java\ir\ac\kntu\map\Map.java
G:\lessons\second term\programming\project4\project4\src\main\java\ir\ac\kntu\gameObjects\Color.java
G:\lessons\second term\programming\project4\project4\src\main\java\ir\ac\kntu\gameObjects\HalfPill.java
G:\lessons\second term\programming\project4\project4\src\main\java\ir\ac\kntu\gameObjects\GameObject.java
G:\lessons\second term\programming\project4\project4\src\main\java\ir\ac\kntu\menu\PlayersMenu.java
G:\lessons\second term\programming\project4\project4\src\main\java\ir\ac\kntu\gameObjects\Virus.java
G:\lessons\second term\programming\project4\project4\src\main\java\ir\ac\kntu\File\FileMethods.java
G:\lessons\second term\programming\project4\project4\src\main\java\ir\ac\kntu\gameObjects\Pill.java
G:\lessons\second term\programming\project4\project4\src\main\java\ir\ac\kntu\constants\GlobalConstants.java
G:\lessons\second term\programming\project4\project4\src\main\java\ir\ac\kntu\menu\Menu.java
G:\lessons\second term\programming\project4\project4\src\main\java\ir\ac\kntu\gameObjects\DoctorMario.java
G:\lessons\second term\programming\project4\project4\src\main\java\ir\ac\kntu\gameObjects\Player.java
G:\lessons\second term\programming\project4\project4\src\main\java\ir\ac\kntu\GameLoop.java
